[v6p9d9t4.ssl.hwcdn.net/html/3953466/bin/index.html]
[backblue.gif]
[fade.gif]
[index.html]
[v6p9d9t4.ssl.hwcdn.net/html/3953466/bin/favicon.png]
[v6p9d9t4.ssl.hwcdn.net/html/3953466/bin/assets/fonts/Funkin-Boldd41d.eot]
[v6p9d9t4.ssl.hwcdn.net/html/3953466/bin/assets/fonts/Funkin-Bold.woff]
[v6p9d9t4.ssl.hwcdn.net/html/3953466/bin/assets/fonts/Funkin-Bold.otf]
[v6p9d9t4.ssl.hwcdn.net/html/3953466/bin/assets/fonts/funkind41d.eot]
[v6p9d9t4.ssl.hwcdn.net/html/3953466/bin/assets/fonts/funkin.woff]
[v6p9d9t4.ssl.hwcdn.net/html/3953466/bin/assets/fonts/funkin.otf]
[v6p9d9t4.ssl.hwcdn.net/html/3953466/bin/assets/fonts/pixeld41d.eot]
[v6p9d9t4.ssl.hwcdn.net/html/3953466/bin/assets/fonts/pixel.woff]
[v6p9d9t4.ssl.hwcdn.net/html/3953466/bin/assets/fonts/pixel.otf]
[v6p9d9t4.ssl.hwcdn.net/html/3953466/bin/assets/fonts/vcrd41d.eot]
[v6p9d9t4.ssl.hwcdn.net/html/3953466/bin/assets/fonts/vcr.woff]
[v6p9d9t4.ssl.hwcdn.net/html/3953466/bin/assets/fonts/vcr.ttf]
[v6p9d9t4.ssl.hwcdn.net/html/3953466/bin/assets/fonts/vcr.svg]
[v6p9d9t4.ssl.hwcdn.net/html/3953466/bin/flixel/fonts/nokiafc22d41d.eot]
[v6p9d9t4.ssl.hwcdn.net/html/3953466/bin/flixel/fonts/nokiafc22.ttf]
[v6p9d9t4.ssl.hwcdn.net/html/3953466/bin/flixel/fonts/nokiafc22.svg]
[v6p9d9t4.ssl.hwcdn.net/html/3953466/bin/flixel/fonts/monsterrat.woff]
[v6p9d9t4.ssl.hwcdn.net/html/3953466/bin/flixel/fonts/monsterrat.ttf]
[v6p9d9t4.ssl.hwcdn.net/html/3953466/bin/index.html]
[v6p9d9t4.ssl.hwcdn.net/html/3953466/bin/flixel/fonts/monsterrat.svg]
[v6p9d9t4.ssl.hwcdn.net/html/3953466/bin/Funkin.js]
[v6p9d9t4.ssl.hwcdn.net/html/3953466/bin/assets/fonts/vcr.svg]
[v6p9d9t4.ssl.hwcdn.net/html/3953466/bin/flixel/fonts/nokiafc22.svg]
[v6p9d9t4.ssl.hwcdn.net/html/3953466/bin/flixel/fonts/monsterrat.svg]
[v6p9d9t4.ssl.hwcdn.net/html/3953466/bin/flixel/fonts/nokiafc22.woff]
[v6p9d9t4.ssl.hwcdn.net/html/3953466/bin/flixel/fonts/monsterratd41d.eot]
